Godot Engine v4.7.2.stable.official.ed1daf0bf - https://godotengine.org

SCRIPT ERROR: Parse Error: Identifier "OUTCOME_UNRESOLVED" not declared in the current scope.
   at: GDScript::reload (res://src/core/tribulation.gd:38)
   GDScript backtrace (most recent call first):
       [0] _initialize (res://tests/focus_runner.gd:16)
SCRIPT ERROR: Compile Error: Failed to compile depended scripts.
   at: GDScript::reload (res://src/core/actor.gd:0)
   GDScript backtrace (most recent call first):
       [0] _initialize (res://tests/focus_runner.gd:16)
SCRIPT ERROR: Compile Error: Failed to compile depended scripts.
   at: GDScript::reload (res://src/ui/screens/body_cultivation_panel.gd:0)
   GDScript backtrace (most recent call first):
       [0] _initialize (res://tests/focus_runner.gd:16)
SCRIPT ERROR: Compile Error: Failed to compile depended scripts.
   at: GDScript::reload (res://tests/ui/test_body_cultivation_panel.gd:0)
   GDScript backtrace (most recent call first):
       [0] _initialize (res://tests/focus_runner.gd:16)
ERROR: Failed to load script "res://tests/ui/test_body_cultivation_panel.gd" with error "Compilation failed".
   at: load (modules/gdscript/gdscript_resource_format.cpp:46)
   GDScript backtrace (most recent call first):
       [0] _initialize (res://tests/focus_runner.gd:16)
FOCUS_BEGIN test_actions_change_body_state
FOCUS_END test_actions_change_body_state passed=6 failed=0
FOCUS_BEGIN test_breakthrough_advances_once_prepared
FOCUS_END test_breakthrough_advances_once_prepared passed=10 failed=0
FOCUS_BEGIN test_breakthrough_is_a_noop_when_unprepared
FOCUS_END test_breakthrough_is_a_noop_when_unprepared passed=12 failed=0
FOCUS_BEGIN test_breakthrough_is_offered_only_when_the_gate_is_met
FOCUS_END test_breakthrough_is_offered_only_when_the_gate_is_met passed=15 failed=0
FOCUS_BEGIN test_focus_is_routed_through_the_stack_hook
FOCUS_END test_focus_is_routed_through_the_stack_hook passed=17 failed=0
FOCUS_BEGIN test_on_screen_shown_routes_focus
FOCUS_END test_on_screen_shown_routes_focus passed=18 failed=0
FOCUS_BEGIN test_recover_is_a_noop_without_damage
FOCUS_END test_recover_is_a_noop_without_damage passed=19 failed=0
FOCUS_BEGIN test_screen_summary_works_without_a_scene_tree
FOCUS_END test_screen_summary_works_without_a_scene_tree passed=21 failed=0
FOCUS_BEGIN test_step_sizes_come_from_the_facade
FOCUS_END test_step_sizes_come_from_the_facade passed=25 failed=0
FOCUS_BEGIN test_summary_is_primitives_with_a_nested_child_summary
FOCUS_END test_summary_is_primitives_with_a_nested_child_summary passed=30 failed=0
FOCUS_BEGIN test_summary_reports_unmet_conditions_before_preparation
FOCUS_END test_summary_reports_unmet_conditions_before_preparation passed=34 failed=0
FOCUS_BEGIN test_summary_without_an_actor_is_empty_not_partial
FOCUS_END test_summary_without_an_actor_is_empty_not_partial passed=35 failed=0
FOCUS_BEGIN test_vitals_row_is_empty_without_state
SCRIPT ERROR: Invalid call. Nonexistent function 'summary' in base 'Nil'.
   at: test_vitals_row_is_empty_without_state (res://tests/ui/test_body_cultivation_panel.gd:194)
   GDScript backtrace (most recent call first):
       [0] test_vitals_row_is_empty_without_state (res://tests/ui/test_body_cultivation_panel.gd:194)
       [1] _initialize (res://tests/focus_runner.gd:30)
FOCUS_END test_vitals_row_is_empty_without_state passed=35 failed=0
FOCUS_BEGIN test_vitals_row_nests_under_the_screen_summary
SCRIPT ERROR: Invalid call. Nonexistent function 'set_state' in base 'Nil'.
   at: test_vitals_row_nests_under_the_screen_summary (res://tests/ui/test_body_cultivation_panel.gd:202)
   GDScript backtrace (most recent call first):
       [0] test_vitals_row_nests_under_the_screen_summary (res://tests/ui/test_body_cultivation_panel.gd:202)
       [1] _initialize (res://tests/focus_runner.gd:30)
FOCUS_END test_vitals_row_nests_under_the_screen_summary passed=35 failed=0
FOCUS: passed=35 failed=0
WARNING: 14 RIDs of type "CanvasItem" were leaked.
ERROR: 1 RID allocations of type 'PN18TextServerAdvanced12FontAdvancedE' were leaked at exit.
   at: _free_rids (servers/rendering/renderer_canvas_cull.cpp:2735)
WARNING: 32 ObjectDB instances were leaked at exit (run with `--verbose` for details).
   at: cleanup (core/object/object.cpp:2536)
