28 files already formatted
186 files would be left unchanged
$ D:\Works\source\chaos-world\.venv\Scripts\ruff.EXE format tools --check
$ D:\Works\source\chaos-world\.venv\Scripts\gdformat.EXE D:\Works\source\chaos-world\game --check
F821 Undefined name `GRADE_POLICY`
   --> tools\item_migrate.py:172:20
    |
170 |     grade = scalar(text, "grade") or "mortal"
171 |     item_id = scalar(text, "id") or "?"
172 |     rarity, band = GRADE_POLICY.get(grade, ("common", 0))
    |                    ^^^^^^^^^^^^
173 |     realm = ladder[min(band, len(ladder) - 1)]
    |

Found 1 error.
Success: no problems found
$ D:\Works\source\chaos-world\.venv\Scripts\ruff.EXE check tools
$ D:\Works\source\chaos-world\.venv\Scripts\gdlint.EXE D:\Works\source\chaos-world\game
== fmt ==
== lint ==
fail gate failed: lint
