28 files already formatted
186 files would be left unchanged
$ D:\Works\source\chaos-world\.venv\Scripts\ruff.EXE format tools --check
$ D:\Works\source\chaos-world\.venv\Scripts\gdformat.EXE D:\Works\source\chaos-world\game --check
F401 [*] `.options.CATEGORY_ACTIVATION` imported but unused
  --> tools\data.py:15:22
   |
13 | from . import item_migrate, options
14 | from .common import REPO_ROOT, ToolError, fail, info, ok
15 | from .options import CATEGORY_ACTIVATION, DEFAULT_CATALOG, _load_jsonl, activations_for
   |                      ^^^^^^^^^^^^^^^^^^^
16 |
17 | DATA_ROOT = REPO_ROOT / "game" / "data"
   |
help: Remove unused import
   |
14 | from .common import REPO_ROOT, ToolError, fail, info, ok
   - from .options import CATEGORY_ACTIVATION, DEFAULT_CATALOG, _load_jsonl, activations_for
15 + from .options import DEFAULT_CATALOG, _load_jsonl
16 |
   |

F401 [*] `.options.activations_for` imported but unused
  --> tools\data.py:15:73
   |
13 | from . import item_migrate, options
14 | from .common import REPO_ROOT, ToolError, fail, info, ok
15 | from .options import CATEGORY_ACTIVATION, DEFAULT_CATALOG, _load_jsonl, activations_for
   |                                                                         ^^^^^^^^^^^^^^^
16 |
17 | DATA_ROOT = REPO_ROOT / "game" / "data"
   |
help: Remove unused import
   |
14 | from .common import REPO_ROOT, ToolError, fail, info, ok
   - from .options import CATEGORY_ACTIVATION, DEFAULT_CATALOG, _load_jsonl, activations_for
15 + from .options import DEFAULT_CATALOG, _load_jsonl
16 |
   |

Found 2 errors.
[*] 2 fixable with the `--fix` option.
Success: no problems found
$ D:\Works\source\chaos-world\.venv\Scripts\ruff.EXE check tools
$ D:\Works\source\chaos-world\.venv\Scripts\gdlint.EXE D:\Works\source\chaos-world\game
== fmt ==
== lint ==
fail gate failed: lint
