28 files already formatted
205 files would be left unchanged
$ D:\Works\source\chaos-world\.venv\Scripts\ruff.EXE format tools --check
$ D:\Works\source\chaos-world\.venv\Scripts\gdformat.EXE D:\Works\source\chaos-world\game --check
F821 Undefined name `technique_factor`
   --> tools\cultivation\seed.py:147:41
    |
145 |         # per unit of labour is constant across the ladder instead of peaking at
146 |         # R9 and collapsing by 15x at R30.
147 |         labour_per_realm = round(40.0 * technique_factor)
    |                                         ^^^^^^^^^^^^^^^^
148 |         work_required = float(labour_per_realm)
149 |         acupoint_work = float(round(labour_per_realm / max(1, 4 * (source_index + 1))))
    |

Found 1 error.
Success: no problems found
$ D:\Works\source\chaos-world\.venv\Scripts\ruff.EXE check tools
$ D:\Works\source\chaos-world\.venv\Scripts\gdlint.EXE D:\Works\source\chaos-world\game
== fmt ==
== lint ==
fail gate failed: lint
