29 files already formatted
213 files would be left unchanged
$ D:\Works\source\chaos-world\.venv\Scripts\ruff.EXE format tools --check
$ D:\Works\source\chaos-world\.venv\Scripts\gdformat.EXE D:\Works\source\chaos-world\game --check
F841 Local variable `listing` is assigned to but never used
  --> tools\ui.py:41:5
   |
39 |     )
40 |
41 |     listing = sub.add_parser("screens", help="list the screens the UI program ships")
   |     ^^^^^^^
help: Remove assignment to unused variable `listing`

Found 1 error.
No fixes available (1 hidden fix can be enabled with the `--unsafe-fixes` option).
Success: no problems found
Success: no problems found
$ D:\Works\source\chaos-world\.venv\Scripts\ruff.EXE check tools
$ D:\Works\source\chaos-world\.venv\Scripts\gdlint.EXE D:\Works\source\chaos-world\game\src
== fmt ==
== lint ==
fail gate failed: lint
