28 files already formatted
D:\Works\source\chaos-world\game\src\ui\screens\screen_stack.gd:

No terminal matches '?' in the current parser context, at line 120 col 29

		if screen.has_method(live ? HOOK_SHOWN : HOOK_HIDDEN):
                                          ^
Expected one of: 
	* "**="
	* MINUS
	* RBRACE
	* PERCENT
	* ">>"
	* LESSTHAN
	* ">="
	* "^="
	* "*="
	* OR
	* DOT
	* _NL
	* LPAR
	* COLON
	* AND
	* PLUS
	* NOT
	* "<<"
	* IN
	* "<<="
	* ">>="
	* AMPERSAND
	* EQUAL
	* SEMICOLON
	* "/="
	* "!="
	* "%="
	* COMMA
	* IS
	* ELSE
	* "&&"
	* "**"
	* "||"
	* "<="
	* "-="
	* CIRCUMFLEX
	* SLASH
	* RPAR
	* IF
	* "|="
	* STAR
	* LSQB
	* AS
	* "=="
	* "+="
	* RSQB
	* "&="
	* MORETHAN
	* "is not"
	* VBAR

Previous tokens: Token('NAME', 'live')
199 files would be left unchanged
$ D:\Works\source\chaos-world\.venv\Scripts\ruff.EXE format tools --check
$ D:\Works\source\chaos-world\.venv\Scripts\gdformat.EXE D:\Works\source\chaos-world\game --check
fail gate failed: fmt
== fmt ==
