Godot Engine v4.7.2.stable.official.ed1daf0bf - https://godotengine.org

[   0% ] [90m[1mfirst_scan_filesystem[22m | Started Project initialization (5 steps)[39m[0m
[   0% ] [90m[1mfirst_scan_filesystem[22m | Scanning file structure...[39m[0m
[  16% ] [90m[1mfirst_scan_filesystem[22m | Loading global class names...[39m[0m
[  33% ] [90m[1mfirst_scan_filesystem[22m | Verifying GDExtensions...[39m[0m
[  50% ] [90m[1mfirst_scan_filesystem[22m | Creating autoload scripts...[39m[0m
[  66% ] [90m[1mfirst_scan_filesystem[22m | Initializing plugins...[39m[0m
[  83% ] [90m[1mfirst_scan_filesystem[22m | Starting file scan...[39m[0m
[92m[ DONE ][39m [1mfirst_scan_filesystem[22m
[0m
[   0% ] [90m[1mloading_editor_layout[22m | Started Loading editor (5 steps)[39m[0m
[   0% ] [90m[1mloading_editor_layout[22m | Loading editor layout...[39m[0m
[  16% ] [90m[1mloading_editor_layout[22m | Loading docks...[39m[0m
[92m[ DONE ][39m [1mloading_editor_layout[22m
[0m
Godot Engine v4.7.2.stable.official.ed1daf0bf - https://godotengine.org

ERROR: res://tests/modules/items/test_equipment.gd :: helm bonus applied: expected 20.0, got 15.0
   at: push_error (core/variant/variant_utility.cpp:1023)
   GDScript backtrace (most recent call first):
       [0] _initialize (res://tests/run_tests.gd:28)
ERROR: res://tests/modules/items/test_equipment.gd :: stacks restored: expected 15, got 1
   at: push_error (core/variant/variant_utility.cpp:1023)
   GDScript backtrace (most recent call first):
       [0] _initialize (res://tests/run_tests.gd:28)
ERROR: res://tests/modules/items/test_item_def.gd :: cross-activation option dropped: expected 0, got 1
   at: push_error (core/variant/variant_utility.cpp:1023)
   GDScript backtrace (most recent call first):
       [0] _initialize (res://tests/run_tests.gd:28)
SCRIPT ERROR: Invalid call. Nonexistent function 'roll_affixes' in base 'RefCounted (OptionCatalog)'.
   at: test_roll_affixes_empty_spec (res://tests/modules/items/test_option_catalog.gd:68)
   GDScript backtrace (most recent call first):
       [0] test_roll_affixes_empty_spec (res://tests/modules/items/test_option_catalog.gd:68)
       [1] _initialize (res://tests/run_tests.gd:24)
SCRIPT ERROR: Invalid call. Nonexistent function 'roll_affixes' in base 'RefCounted (OptionCatalog)'.
   at: test_roll_affixes_produces_modifiers (res://tests/modules/items/test_option_catalog.gd:37)
   GDScript backtrace (most recent call first):
       [0] test_roll_affixes_produces_modifiers (res://tests/modules/items/test_option_catalog.gd:37)
       [1] _initialize (res://tests/run_tests.gd:24)
SCRIPT ERROR: Invalid call. Nonexistent function 'roll_affixes' in base 'RefCounted (OptionCatalog)'.
   at: test_roll_affixes_seeded_reproducible (res://tests/modules/items/test_option_catalog.gd:51)
   GDScript backtrace (most recent call first):
       [0] test_roll_affixes_seeded_reproducible (res://tests/modules/items/test_option_catalog.gd:51)
       [1] _initialize (res://tests/run_tests.gd:24)
WARNING: Setting node name 'RecoverButton' to be unique within scene for 'Layout/Actions/RecoverButton', but it's already claimed by 'Layout/Actions/RecoverButton'.
'Layout/Actions/RecoverButton' is no longer set as having a unique name.
   at: _acquire_unique_name_in_owner (scene/main/node.cpp:2240)
   GDScript backtrace (most recent call first):
       [0] _panel (res://tests/ui/test_body_cultivation_panel.gd:10)
       [1] test_actions_change_body_state (res://tests/ui/test_body_cultivation_panel.gd:108)
       [2] _initialize (res://tests/run_tests.gd:24)
WARNING: Setting node name 'RecoverButton' to be unique within scene for 'Layout/Actions/RecoverButton', but it's already claimed by 'Layout/Actions/RecoverButton'.
'Layout/Actions/RecoverButton' is no longer set as having a unique name.
   at: _acquire_unique_name_in_owner (scene/main/node.cpp:2240)
   GDScript backtrace (most recent call first):
       [0] _panel (res://tests/ui/test_body_cultivation_panel.gd:10)
       [1] test_breakthrough_advances_once_prepared (res://tests/ui/test_body_cultivation_panel.gd:163)
       [2] _initialize (res://tests/run_tests.gd:24)
WARNING: Setting node name 'RecoverButton' to be unique within scene for 'Layout/Actions/RecoverButton', but it's already claimed by 'Layout/Actions/RecoverButton'.
'Layout/Actions/RecoverButton' is no longer set as having a unique name.
   at: _acquire_unique_name_in_owner (scene/main/node.cpp:2240)
   GDScript backtrace (most recent call first):
       [0] _panel (res://tests/ui/test_body_cultivation_panel.gd:10)
       [1] test_breakthrough_is_disabled_until_the_gate_is_met (res://tests/ui/test_body_cultivation_panel.gd:127)
       [2] _initialize (res://tests/run_tests.gd:24)
WARNING: Setting node name 'RecoverButton' to be unique within scene for 'Layout/Actions/RecoverButton', but it's already claimed by 'Layout/Actions/RecoverButton'.
'Layout/Actions/RecoverButton' is no longer set as having a unique name.
   at: _acquire_unique_name_in_owner (scene/main/node.cpp:2240)
   GDScript backtrace (most recent call first):
       [0] _panel (res://tests/ui/test_body_cultivation_panel.gd:10)
       [1] test_recover_repairs_a_blocked_huyet (res://tests/ui/test_body_cultivation_panel.gd:136)
       [2] _initialize (res://tests/run_tests.gd:24)
WARNING: Setting node name 'RecoverButton' to be unique within scene for 'Layout/Actions/RecoverButton', but it's already claimed by 'Layout/Actions/RecoverButton'.
'Layout/Actions/RecoverButton' is no longer set as having a unique name.
   at: _acquire_unique_name_in_owner (scene/main/node.cpp:2240)
   GDScript backtrace (most recent call first):
       [0] _panel (res://tests/ui/test_body_cultivation_panel.gd:10)
       [1] test_recover_repairs_an_injured_channel (res://tests/ui/test_body_cultivation_panel.gd:152)
       [2] _initialize (res://tests/run_tests.gd:24)
WARNING: Setting node name 'RecoverButton' to be unique within scene for 'Layout/Actions/RecoverButton', but it's already claimed by 'Layout/Actions/RecoverButton'.
'Layout/Actions/RecoverButton' is no longer set as having a unique name.
   at: _acquire_unique_name_in_owner (scene/main/node.cpp:2240)
   GDScript backtrace (most recent call first):
       [0] _panel (res://tests/ui/test_body_cultivation_panel.gd:10)
       [1] test_summary_is_empty_without_an_actor (res://tests/ui/test_body_cultivation_panel.gd:77)
       [2] _initialize (res://tests/run_tests.gd:24)
WARNING: Setting node name 'RecoverButton' to be unique within scene for 'Layout/Actions/RecoverButton', but it's already claimed by 'Layout/Actions/RecoverButton'.
'Layout/Actions/RecoverButton' is no longer set as having a unique name.
   at: _acquire_unique_name_in_owner (scene/main/node.cpp:2240)
   GDScript backtrace (most recent call first):
       [0] _panel (res://tests/ui/test_body_cultivation_panel.gd:10)
       [1] test_summary_never_exposes_module_internals (res://tests/ui/test_body_cultivation_panel.gd:96)
       [2] _initialize (res://tests/run_tests.gd:24)
WARNING: Setting node name 'RecoverButton' to be unique within scene for 'Layout/Actions/RecoverButton', but it's already claimed by 'Layout/Actions/RecoverButton'.
'Layout/Actions/RecoverButton' is no longer set as having a unique name.
   at: _acquire_unique_name_in_owner (scene/main/node.cpp:2240)
   GDScript backtrace (most recent call first):
       [0] _panel (res://tests/ui/test_body_cultivation_panel.gd:10)
       [1] test_summary_reports_unmet_conditions_before_preparation (res://tests/ui/test_body_cultivation_panel.gd:83)
       [2] _initialize (res://tests/run_tests.gd:24)
Results: 4889 passed, 3 failed
ERROR: 16 RID allocations of type 'PN18TextServerAdvanced22ShapedTextDataAdvancedE' were leaked at exit.
ERROR: 1 RID allocations of type 'PN18TextServerAdvanced12FontAdvancedE' were leaked at exit.
WARNING: 8 RIDs of type "CanvasItem" were leaked.
   at: _free_rids (servers/rendering/renderer_canvas_cull.cpp:2735)
WARNING: 32 ObjectDB instances were leaked at exit (run with `--verbose` for details).
   at: cleanup (core/object/object.cpp:2536)
$ C:\Users\NeneScarlet\AppData\Local\Microsoft\WinGet\Packages\GodotEngine.GodotEngine_Microsoft.Winget.Source_8wekyb3d8bbwe\Godot_v4.7.2-stable_win64_console.exe --headless --path D:\Works\source\chaos-world\game --import
$ C:\Users\NeneScarlet\AppData\Local\Microsoft\WinGet\Packages\GodotEngine.GodotEngine_Microsoft.Winget.Source_8wekyb3d8bbwe\Godot_v4.7.2-stable_win64_console.exe --headless --path D:\Works\source\chaos-world\game -s res://tests/run_tests.gd
