Godot Engine v4.7.2.stable.official.ed1daf0bf - https://godotengine.org

FOCUS_BEGIN test_comprehension_floor_is_reachable_through_meditation_alone
FOCUS_END test_comprehension_floor_is_reachable_through_meditation_alone passed=30 failed=0
FOCUS_BEGIN test_every_qi_realm_authors_all_three_consumables
FOCUS_END test_every_qi_realm_authors_all_three_consumables passed=120 failed=0
FOCUS_BEGIN test_every_qi_recovery_item_resolves_to_real_content
FOCUS_END test_every_qi_recovery_item_resolves_to_real_content passed=180 failed=0
FOCUS_BEGIN test_meditate_is_the_only_route_to_the_comprehension_floor
FOCUS_END test_meditate_is_the_only_route_to_the_comprehension_floor passed=184 failed=0
FOCUS_BEGIN test_recover_heals_structural_damage_but_leaves_quality_to_circulation
FOCUS_END test_recover_heals_structural_damage_but_leaves_quality_to_circulation passed=188 failed=0
FOCUS_BEGIN test_recover_heals_the_scarred_dantian
FOCUS_END test_recover_heals_the_scarred_dantian passed=191 failed=0
FOCUS_BEGIN test_recover_is_a_noop_on_a_healthy_actor
FOCUS_END test_recover_is_a_noop_on_a_healthy_actor passed=193 failed=0
FOCUS_BEGIN test_recover_rejects_an_unknown_channel
FOCUS_END test_recover_rejects_an_unknown_channel passed=195 failed=0
FOCUS_BEGIN test_recover_repairs_a_burned_channel
FOCUS_END test_recover_repairs_a_burned_channel passed=197 failed=0
FOCUS_BEGIN test_recover_requires_the_recovery_item
FOCUS_END test_recover_requires_the_recovery_item passed=199 failed=0
FOCUS: passed=199 failed=0
