Godot Engine v4.7.2.stable.official.ed1daf0bf - https://godotengine.org

FOCUS_BEGIN test_qi_full_traversal_all_30_realms
ERROR: qi traversal did not reach the terminal realm
   at: push_error (core/variant/variant_utility.cpp:1023)
   GDScript backtrace (most recent call first):
       [0] test_qi_full_traversal_all_30_realms (res://tests/modules/qi_cultivation/test_full_traversal.gd:174)
       [1] _initialize (res://tests/focus_runner.gd:30)
FOCUS_END test_qi_full_traversal_all_30_realms passed=64 failed=196
FOCUS_BEGIN test_qi_high_tier_commits_its_own_anchors
SCRIPT ERROR: Invalid call. Nonexistent function 'is_stable' in base 'Nil'.
   at: test_qi_high_tier_commits_its_own_anchors (res://tests/modules/qi_cultivation/test_full_traversal.gd:218)
   GDScript backtrace (most recent call first):
       [0] test_qi_high_tier_commits_its_own_anchors (res://tests/modules/qi_cultivation/test_full_traversal.gd:218)
       [1] _initialize (res://tests/focus_runner.gd:30)
FOCUS_END test_qi_high_tier_commits_its_own_anchors passed=65 failed=200
FOCUS_BEGIN test_qi_transcendent_tier_commits_world_and_ascension
SCRIPT ERROR: Invalid call. Nonexistent function 'is_complete' in base 'Nil'.
   at: test_qi_transcendent_tier_commits_world_and_ascension (res://tests/modules/qi_cultivation/test_full_traversal.gd:238)
   GDScript backtrace (most recent call first):
       [0] test_qi_transcendent_tier_commits_world_and_ascension (res://tests/modules/qi_cultivation/test_full_traversal.gd:238)
       [1] _initialize (res://tests/focus_runner.gd:30)
FOCUS_END test_qi_transcendent_tier_commits_world_and_ascension passed=65 failed=205
FOCUS_FAIL preview ready for foundation: ["insufficient_progress"]: expected true, got false
FOCUS_FAIL breakthrough succeeded for foundation: expected true, got false
FOCUS_FAIL advanced to foundation: expected foundation, got qi_refining
FOCUS_FAIL preview ready for foundation: ["insufficient_progress"]: expected true, got false
FOCUS_FAIL breakthrough succeeded for foundation: expected true, got false
FOCUS_FAIL advanced to foundation: expected foundation, got qi_refining
FOCUS_FAIL preview ready for foundation: ["insufficient_progress"]: expected true, got false
FOCUS_FAIL breakthrough succeeded for foundation: expected true, got false
FOCUS_FAIL advanced to foundation: expected foundation, got qi_refining
FOCUS_FAIL preview ready for foundation: ["insufficient_progress"]: expected true, got false
FOCUS_FAIL breakthrough succeeded for foundation: expected true, got false
FOCUS_FAIL advanced to foundation: expected foundation, got qi_refining
FOCUS_FAIL preview ready for foundation: ["insufficient_progress"]: expected true, got false
FOCUS_FAIL breakthrough succeeded for foundation: expected true, got false
FOCUS_FAIL advanced to foundation: expected foundation, got qi_refining
FOCUS_FAIL preview ready for foundation: ["insufficient_progress"]: expected true, got false
FOCUS_FAIL breakthrough succeeded for foundation: expected true, got false
FOCUS_FAIL advanced to foundation: expected foundation, got qi_refining
FOCUS_FAIL preview ready for foundation: ["insufficient_progress"]: expected true, got false
FOCUS_FAIL breakthrough succeeded for foundation: expected true, got false
FOCUS_FAIL advanced to foundation: expected foundation, got qi_refining
FOCUS_FAIL preview ready for foundation: ["insufficient_progress"]: expected true, got false
FOCUS_FAIL breakthrough succeeded for foundation: expected true, got false
FOCUS_FAIL advanced to foundation: expected foundation, got qi_refining
FOCUS_FAIL preview ready for foundation: ["insufficient_progress"]: expected true, got false
FOCUS_FAIL breakthrough succeeded for foundation: expected true, got false
FOCUS_FAIL advanced to foundation: expected foundation, got qi_refining
FOCUS_FAIL preview ready for foundation: ["insufficient_progress"]: expected true, got false
FOCUS_FAIL breakthrough succeeded for foundation: expected true, got false
FOCUS_FAIL advanced to foundation: expected foundation, got qi_refining
FOCUS_FAIL preview ready for foundation: ["insufficient_progress"]: expected true, got false
FOCUS_FAIL breakthrough succeeded for foundation: expected true, got false
FOCUS_FAIL advanced to foundation: expected foundation, got qi_refining
FOCUS_FAIL preview ready for foundation: ["insufficient_progress"]: expected true, got false
FOCUS_FAIL breakthrough succeeded for foundation: expected true, got false
FOCUS_FAIL advanced to foundation: expected foundation, got qi_refining
FOCUS_FAIL preview ready for foundation: ["insufficient_progress"]: expected true, got false
FOCUS_FAIL breakthrough succeeded for foundation: expected true, got false
FOCUS_FAIL advanced to foundation: expected foundation, got qi_refining
FOCUS_FAIL preview ready for foundation: ["insufficient_progress"]: expected true, got false
FOCUS_FAIL breakthrough succeeded for foundation: expected true, got false
FOCUS_FAIL advanced to foundation: expected foundation, got qi_refining
FOCUS_FAIL preview ready for foundation: ["insufficient_progress"]: expected true, got false
FOCUS_FAIL breakthrough succeeded for foundation: expected true, got false
FOCUS_FAIL advanced to foundation: expected foundation, got qi_refining
FOCUS_FAIL preview ready for foundation: ["insufficient_progress"]: expected true, got false
FOCUS_FAIL breakthrough succeeded for foundation: expected true, got false
FOCUS_FAIL advanced to foundation: expected foundation, got qi_refining
FOCUS_FAIL preview ready for foundation: ["insufficient_progress"]: expected true, got false
FOCUS_FAIL breakthrough succeeded for foundation: expected true, got false
FOCUS_FAIL advanced to foundation: expected foundation, got qi_refining
FOCUS_FAIL preview ready for foundation: ["insufficient_progress"]: expected true, got false
FOCUS_FAIL breakthrough succeeded for foundation: expected true, got false
FOCUS_FAIL advanced to foundation: expected foundation, got qi_refining
FOCUS_FAIL preview ready for foundation: ["insufficient_progress"]: expected true, got false
FOCUS_FAIL breakthrough succeeded for foundation: expected true, got false
FOCUS_FAIL advanced to foundation: expected foundation, got qi_refining
FOCUS_FAIL preview ready for foundation: ["insufficient_progress"]: expected true, got false
FOCUS_FAIL breakthrough succeeded for foundation: expected true, got false
FOCUS_FAIL advanced to foundation: expected foundation, got qi_refining
FOCUS_FAIL preview ready for foundation: ["insufficient_progress"]: expected true, got false
FOCUS_FAIL breakthrough succeeded for foundation: expected true, got false
FOCUS_FAIL advanced to foundation: expected foundation, got qi_refining
FOCUS_FAIL preview ready for foundation: ["insufficient_progress"]: expected true, got false
FOCUS_FAIL breakthrough succeeded for foundation: expected true, got false
FOCUS_FAIL advanced to foundation: expected foundation, got qi_refining
FOCUS_FAIL preview ready for foundation: ["insufficient_progress"]: expected true, got false
FOCUS_FAIL breakthrough succeeded for foundation: expected true, got false
FOCUS_FAIL advanced to foundation: expected foundation, got qi_refining
FOCUS_FAIL preview ready for foundation: ["insufficient_progress"]: expected true, got false
FOCUS_FAIL breakthrough succeeded for foundation: expected true, got false
FOCUS_FAIL advanced to foundation: expected foundation, got qi_refining
FOCUS_FAIL preview ready for foundation: ["insufficient_progress"]: expected true, got false
FOCUS_FAIL breakthrough succeeded for foundation: expected true, got false
FOCUS_FAIL advanced to foundation: expected foundation, got qi_refining
FOCUS_FAIL preview ready for foundation: ["insufficient_progress"]: expected true, got false
FOCUS_FAIL breakthrough succeeded for foundation: expected true, got false
FOCUS_FAIL advanced to foundation: expected foundation, got qi_refining
FOCUS_FAIL preview ready for foundation: ["insufficient_progress"]: expected true, got false
FOCUS_FAIL breakthrough succeeded for foundation: expected true, got false
FOCUS_FAIL advanced to foundation: expected foundation, got qi_refining
FOCUS_FAIL preview ready for foundation: ["insufficient_progress"]: expected true, got false
FOCUS_FAIL breakthrough succeeded for foundation: expected true, got false
FOCUS_FAIL advanced to foundation: expected foundation, got qi_refining
FOCUS_FAIL preview ready for foundation: ["insufficient_progress"]: expected true, got false
FOCUS_FAIL breakthrough succeeded for foundation: expected true, got false
FOCUS_FAIL advanced to foundation: expected foundation, got qi_refining
FOCUS_FAIL preview ready for foundation: ["insufficient_progress"]: expected true, got false
FOCUS_FAIL breakthrough succeeded for foundation: expected true, got false
FOCUS_FAIL advanced to foundation: expected foundation, got qi_refining
FOCUS_FAIL preview ready for foundation: ["insufficient_progress"]: expected true, got false
FOCUS_FAIL breakthrough succeeded for foundation: expected true, got false
FOCUS_FAIL advanced to foundation: expected foundation, got qi_refining
FOCUS_FAIL preview ready for foundation: ["insufficient_progress"]: expected true, got false
FOCUS_FAIL breakthrough succeeded for foundation: expected true, got false
FOCUS_FAIL advanced to foundation: expected foundation, got qi_refining
FOCUS_FAIL preview ready for foundation: ["insufficient_progress"]: expected true, got false
FOCUS_FAIL breakthrough succeeded for foundation: expected true, got false
FOCUS_FAIL advanced to foundation: expected foundation, got qi_refining
FOCUS_FAIL preview ready for foundation: ["insufficient_progress"]: expected true, got false
FOCUS_FAIL breakthrough succeeded for foundation: expected true, got false
FOCUS_FAIL advanced to foundation: expected foundation, got qi_refining
FOCUS_FAIL preview ready for foundation: ["insufficient_progress"]: expected true, got false
FOCUS_FAIL breakthrough succeeded for foundation: expected true, got false
FOCUS_FAIL advanced to foundation: expected foundation, got qi_refining
FOCUS_FAIL preview ready for foundation: ["insufficient_progress"]: expected true, got false
FOCUS_FAIL breakthrough succeeded for foundation: expected true, got false
FOCUS_FAIL advanced to foundation: expected foundation, got qi_refining
FOCUS_FAIL preview ready for foundation: ["insufficient_progress"]: expected true, got false
FOCUS_FAIL breakthrough succeeded for foundation: expected true, got false
FOCUS_FAIL advanced to foundation: expected foundation, got qi_refining
FOCUS_FAIL preview ready for foundation: ["insufficient_progress"]: expected true, got false
FOCUS_FAIL breakthrough succeeded for foundation: expected true, got false
FOCUS_FAIL advanced to foundation: expected foundation, got qi_refining
FOCUS_FAIL preview ready for foundation: ["insufficient_progress"]: expected true, got false
FOCUS_FAIL breakthrough succeeded for foundation: expected true, got false
FOCUS_FAIL advanced to foundation: expected foundation, got qi_refining
FOCUS_FAIL preview ready for foundation: ["insufficient_progress"]: expected true, got false
FOCUS_FAIL breakthrough succeeded for foundation: expected true, got false
FOCUS_FAIL advanced to foundation: expected foundation, got qi_refining
FOCUS_FAIL preview ready for foundation: ["insufficient_progress"]: expected true, got false
FOCUS_FAIL breakthrough succeeded for foundation: expected true, got false
FOCUS_FAIL advanced to foundation: expected foundation, got qi_refining
FOCUS_FAIL preview ready for foundation: ["insufficient_progress"]: expected true, got false
FOCUS_FAIL breakthrough succeeded for foundation: expected true, got false
FOCUS_FAIL advanced to foundation: expected foundation, got qi_refining
FOCUS_FAIL preview ready for foundation: ["insufficient_progress"]: expected true, got false
FOCUS_FAIL breakthrough succeeded for foundation: expected true, got false
FOCUS_FAIL advanced to foundation: expected foundation, got qi_refining
FOCUS_FAIL preview ready for foundation: ["insufficient_progress"]: expected true, got false
FOCUS_FAIL breakthrough succeeded for foundation: expected true, got false
FOCUS_FAIL advanced to foundation: expected foundation, got qi_refining
FOCUS_FAIL preview ready for foundation: ["insufficient_progress"]: expected true, got false
FOCUS_FAIL breakthrough succeeded for foundation: expected true, got false
FOCUS_FAIL advanced to foundation: expected foundation, got qi_refining
FOCUS_FAIL preview ready for foundation: ["insufficient_progress"]: expected true, got false
FOCUS_FAIL breakthrough succeeded for foundation: expected true, got false
FOCUS_FAIL advanced to foundation: expected foundation, got qi_refining
FOCUS_FAIL preview ready for foundation: ["insufficient_progress"]: expected true, got false
FOCUS_FAIL breakthrough succeeded for foundation: expected true, got false
FOCUS_FAIL advanced to foundation: expected foundation, got qi_refining
FOCUS_FAIL preview ready for foundation: ["insufficient_progress"]: expected true, got false
FOCUS_FAIL breakthrough succeeded for foundation: expected true, got false
FOCUS_FAIL advanced to foundation: expected foundation, got qi_refining
FOCUS_FAIL preview ready for foundation: ["insufficient_progress"]: expected true, got false
FOCUS_FAIL breakthrough succeeded for foundation: expected true, got false
FOCUS_FAIL advanced to foundation: expected foundation, got qi_refining
FOCUS_FAIL preview ready for foundation: ["insufficient_progress"]: expected true, got false
FOCUS_FAIL breakthrough succeeded for foundation: expected true, got false
FOCUS_FAIL advanced to foundation: expected foundation, got qi_refining
FOCUS_FAIL preview ready for foundation: ["insufficient_progress"]: expected true, got false
FOCUS_FAIL breakthrough succeeded for foundation: expected true, got false
FOCUS_FAIL advanced to foundation: expected foundation, got qi_refining
FOCUS_FAIL preview ready for foundation: ["insufficient_progress"]: expected true, got false
FOCUS_FAIL breakthrough succeeded for foundation: expected true, got false
FOCUS_FAIL advanced to foundation: expected foundation, got qi_refining
FOCUS_FAIL preview ready for foundation: ["insufficient_progress"]: expected true, got false
FOCUS_FAIL breakthrough succeeded for foundation: expected true, got false
FOCUS_FAIL advanced to foundation: expected foundation, got qi_refining
FOCUS_FAIL preview ready for foundation: ["insufficient_progress"]: expected true, got false
FOCUS_FAIL breakthrough succeeded for foundation: expected true, got false
FOCUS_FAIL advanced to foundation: expected foundation, got qi_refining
FOCUS_FAIL preview ready for foundation: ["insufficient_progress"]: expected true, got false
FOCUS_FAIL breakthrough succeeded for foundation: expected true, got false
FOCUS_FAIL advanced to foundation: expected foundation, got qi_refining
FOCUS_FAIL preview ready for foundation: ["insufficient_progress"]: expected true, got false
FOCUS_FAIL breakthrough succeeded for foundation: expected true, got false
FOCUS_FAIL advanced to foundation: expected foundation, got qi_refining
FOCUS_FAIL preview ready for foundation: ["insufficient_progress"]: expected true, got false
FOCUS_FAIL breakthrough succeeded for foundation: expected true, got false
FOCUS_FAIL advanced to foundation: expected foundation, got qi_refining
FOCUS_FAIL preview ready for foundation: ["insufficient_progress"]: expected true, got false
FOCUS_FAIL breakthrough succeeded for foundation: expected true, got false
FOCUS_FAIL advanced to foundation: expected foundation, got qi_refining
FOCUS_FAIL preview ready for foundation: ["insufficient_progress"]: expected true, got false
FOCUS_FAIL breakthrough succeeded for foundation: expected true, got false
FOCUS_FAIL advanced to foundation: expected foundation, got qi_refining
FOCUS_FAIL preview ready for foundation: ["insufficient_progress"]: expected true, got false
FOCUS_FAIL breakthrough succeeded for foundation: expected true, got false
FOCUS_FAIL advanced to foundation: expected foundation, got qi_refining
FOCUS_FAIL preview ready for foundation: ["insufficient_progress"]: expected true, got false
FOCUS_FAIL breakthrough succeeded for foundation: expected true, got false
FOCUS_FAIL advanced to foundation: expected foundation, got qi_refining
FOCUS_FAIL preview ready for foundation: ["insufficient_progress"]: expected true, got false
FOCUS_FAIL breakthrough succeeded for foundation: expected true, got false
FOCUS_FAIL advanced to foundation: expected foundation, got qi_refining
FOCUS_FAIL preview ready for foundation: ["insufficient_progress"]: expected true, got false
FOCUS_FAIL breakthrough succeeded for foundation: expected true, got false
FOCUS_FAIL advanced to foundation: expected foundation, got qi_refining
FOCUS_FAIL preview ready for foundation: ["insufficient_progress"]: expected true, got false
FOCUS_FAIL breakthrough succeeded for foundation: expected true, got false
FOCUS_FAIL advanced to foundation: expected foundation, got qi_refining
FOCUS_FAIL visited all 30 realms: expected 30, got 65
FOCUS_FAIL advanced 29 times: expected 29, got 64
FOCUS_FAIL at the terminal realm: expected primordial_origin, got foundation
FOCUS_FAIL no realm after R30: expected <null>, got ():<Resource#-9223371989056485925>
FOCUS_FAIL reached the last mortal realm: expected spirit_ascension, got qi_refining
FOCUS_FAIL entered R19: expected true, got false
FOCUS_FAIL advanced to R19: expected earth_immortal, got qi_refining
FOCUS_FAIL R19 committed the inside world: expected not <null>, got <null>
FOCUS_FAIL reached the last immortal realm: expected immortal_sovereign, got qi_refining
FOCUS_FAIL entered the Transcendent tier: expected true, got false
FOCUS_FAIL advanced to R28: expected transcendent, got qi_refining
FOCUS_FAIL R28 committed the micro world: expected not <null>, got <null>
FOCUS_FAIL R28 committed the ascension: expected not <null>, got <null>
FOCUS: passed=65 failed=205
