Godot Engine v4.7.2.stable.official.ed1daf0bf - https://godotengine.org

[   0% ] [90m[1mfirst_scan_filesystem[22m | Started Project initialization (5 steps)[39m[0m
[   0% ] [90m[1mfirst_scan_filesystem[22m | Scanning file structure...[39m[0m
[  16% ] [90m[1mfirst_scan_filesystem[22m | Loading global class names...[39m[0m
[  33% ] [90m[1mfirst_scan_filesystem[22m | Verifying GDExtensions...[39m[0m
[  50% ] [90m[1mfirst_scan_filesystem[22m | Creating autoload scripts...[39m[0m
[  66% ] [90m[1mfirst_scan_filesystem[22m | Initializing plugins...[39m[0m
[  83% ] [90m[1mfirst_scan_filesystem[22m | Starting file scan...[39m[0m
[92m[ DONE ][39m [1mfirst_scan_filesystem[22m
[0m
[   0% ] [90m[1mupdate_scripts_classes[22m | Started Registering global classes... (5 steps)[39m[0m
[   0% ] [90m[1mupdate_scripts_classes[22m | MindProvider[39m[0m
[  16% ] [90m[1mupdate_scripts_classes[22m | InventoryPanel[39m[0m
[  33% ] [90m[1mupdate_scripts_classes[22m | ScreenStack[39m[0m
[  50% ] [90m[1mupdate_scripts_classes[22m | [39m[0m
[  66% ] [90m[1mupdate_scripts_classes[22m | [39m[0m
[92m[ DONE ][39m [1mupdate_scripts_classes[22m
[0m
[   0% ] [90m[1mloading_editor_layout[22m | Started Loading editor (5 steps)[39m[0m
[   0% ] [90m[1mloading_editor_layout[22m | Loading editor layout...[39m[0m
[  16% ] [90m[1mloading_editor_layout[22m | Loading docks...[39m[0m
[92m[ DONE ][39m [1mloading_editor_layout[22m
[0m
Godot Engine v4.7.2.stable.official.ed1daf0bf - https://godotengine.org

SCRIPT ERROR: Invalid call. Nonexistent function 'roll_affixes' in base 'RefCounted (OptionCatalog)'.
   at: test_roll_affixes_empty_spec (res://tests/modules/items/test_option_catalog.gd:68)
   GDScript backtrace (most recent call first):
       [0] test_roll_affixes_empty_spec (res://tests/modules/items/test_option_catalog.gd:68)
       [1] _initialize (res://tests/run_tests.gd:24)
SCRIPT ERROR: Invalid call. Nonexistent function 'roll_affixes' in base 'RefCounted (OptionCatalog)'.
   at: test_roll_affixes_produces_modifiers (res://tests/modules/items/test_option_catalog.gd:37)
   GDScript backtrace (most recent call first):
       [0] test_roll_affixes_produces_modifiers (res://tests/modules/items/test_option_catalog.gd:37)
       [1] _initialize (res://tests/run_tests.gd:24)
SCRIPT ERROR: Invalid call. Nonexistent function 'roll_affixes' in base 'RefCounted (OptionCatalog)'.
   at: test_roll_affixes_seeded_reproducible (res://tests/modules/items/test_option_catalog.gd:51)
   GDScript backtrace (most recent call first):
       [0] test_roll_affixes_seeded_reproducible (res://tests/modules/items/test_option_catalog.gd:51)
       [1] _initialize (res://tests/run_tests.gd:24)
SCRIPT ERROR: Parse Error: Too few arguments for "pow()" call. Expected at least 2 but received 1.
   at: GDScript::reload (res://tests/modules/mind_cultivation/test_mind_power_curve.gd:243)
   GDScript backtrace (most recent call first):
       [0] _initialize (res://tests/run_tests.gd:13)
ERROR: Failed to load script "res://tests/modules/mind_cultivation/test_mind_power_curve.gd" with error "Parse error".
   at: load (modules/gdscript/gdscript_resource_format.cpp:46)
   GDScript backtrace (most recent call first):
       [0] _initialize (res://tests/run_tests.gd:13)
ERROR: res://tests/modules/mind_cultivation/test_mind_power_curve.gd :: failed to load suite
   at: push_error (core/variant/variant_utility.cpp:1023)
   GDScript backtrace (most recent call first):
       [0] _initialize (res://tests/run_tests.gd:15)
ERROR: res://tests/modules/mind_cultivation/test_mind_provider.gd :: comprehension bonus: expected 1.2873736674, got 1.17002085272704
   at: push_error (core/variant/variant_utility.cpp:1023)
   GDScript backtrace (most recent call first):
       [0] _initialize (res://tests/run_tests.gd:28)
ERROR: res://tests/modules/mind_cultivation/test_mind_provider.gd :: mental attack: expected 585.542710625, got 218.81516477201
   at: push_error (core/variant/variant_utility.cpp:1023)
   GDScript backtrace (most recent call first):
       [0] _initialize (res://tests/run_tests.gd:28)
ERROR: res://tests/modules/mind_cultivation/test_mind_provider.gd :: mental defense: expected 327.90391795, got 122.536492272325
   at: push_error (core/variant/variant_utility.cpp:1023)
   GDScript backtrace (most recent call first):
       [0] _initialize (res://tests/run_tests.gd:28)
ERROR: res://tests/modules/mind_cultivation/test_mind_provider.gd :: meridian boosts mental defense: expected 344.2991138475, got 128.663316885942
   at: push_error (core/variant/variant_utility.cpp:1023)
   GDScript backtrace (most recent call first):
       [0] _initialize (res://tests/run_tests.gd:28)
ERROR: res://tests/modules/mind_cultivation/test_mind_provider.gd :: meridian boosts technique power: expected 442.6702892325, got 165.424264567639
   at: push_error (core/variant/variant_utility.cpp:1023)
   GDScript backtrace (most recent call first):
       [0] _initialize (res://tests/run_tests.gd:28)
ERROR: res://tests/modules/mind_cultivation/test_mind_provider.gd :: technique power: expected 421.59075165, got 157.546918635847
   at: push_error (core/variant/variant_utility.cpp:1023)
   GDScript backtrace (most recent call first):
       [0] _initialize (res://tests/run_tests.gd:28)
ERROR: res://tests/modules/mind_cultivation/test_mind_provider.gd :: no meridian bonus: expected 421.59075165, got 157.546918635847
   at: push_error (core/variant/variant_utility.cpp:1023)
   GDScript backtrace (most recent call first):
       [0] _initialize (res://tests/run_tests.gd:28)
ERROR: res://tests/modules/mind_cultivation/test_mind_provider.gd :: spiritual sense range: expected 243.6868337, got 185.010426363522
   at: push_error (core/variant/variant_utility.cpp:1023)
   GDScript backtrace (most recent call first):
       [0] _initialize (res://tests/run_tests.gd:28)
SCRIPT ERROR: Invalid call. Nonexistent function 'clear' in base 'RefCounted (Inventory)'.
   at: test_execute_refuses_without_the_pill (res://tests/modules/qi_cultivation/test_qi_breakthrough_transaction.gd:100)
   GDScript backtrace (most recent call first):
       [0] test_execute_refuses_without_the_pill (res://tests/modules/qi_cultivation/test_qi_breakthrough_transaction.gd:100)
       [1] _initialize (res://tests/run_tests.gd:24)
Results: 5385 passed, 9 failed
$ C:\Users\NeneScarlet\AppData\Local\Microsoft\WinGet\Packages\GodotEngine.GodotEngine_Microsoft.Winget.Source_8wekyb3d8bbwe\Godot_v4.7.2-stable_win64_console.exe --headless --path D:\Works\source\chaos-world\game --import
$ C:\Users\NeneScarlet\AppData\Local\Microsoft\WinGet\Packages\GodotEngine.GodotEngine_Microsoft.Winget.Source_8wekyb3d8bbwe\Godot_v4.7.2-stable_win64_console.exe --headless --path D:\Works\source\chaos-world\game -s res://tests/run_tests.gd
