Godot Engine v4.7.2.stable.official.ed1daf0bf - https://godotengine.org

FOCUS_BEGIN test_breakthrough_blocked_before_requirements
FOCUS_END test_breakthrough_blocked_before_requirements passed=1 failed=0
FOCUS_BEGIN test_breakthrough_condition_passes_once_prepared
FOCUS_END test_breakthrough_condition_passes_once_prepared passed=3 failed=0
FOCUS_BEGIN test_breakthrough_condition_reports_requirements
FOCUS_END test_breakthrough_condition_reports_requirements passed=5 failed=0
FOCUS_BEGIN test_breakthrough_consumes_the_pill
FOCUS_END test_breakthrough_consumes_the_pill passed=7 failed=0
FOCUS_BEGIN test_breakthrough_succeeds_when_prepared
FOCUS_END test_breakthrough_succeeds_when_prepared passed=9 failed=0
FOCUS_BEGIN test_consume_missing_item_is_a_noop
FOCUS_END test_consume_missing_item_is_a_noop passed=10 failed=0
FOCUS_BEGIN test_cultivate_raises_quality_toward_target
FOCUS_END test_cultivate_raises_quality_toward_target passed=11 failed=0
FOCUS_BEGIN test_cultivate_rejects_busy_set
FOCUS_END test_cultivate_rejects_busy_set passed=12 failed=0
FOCUS_BEGIN test_cultivate_stores_essence_and_progress
FOCUS_END test_cultivate_stores_essence_and_progress passed=15 failed=0
FOCUS_BEGIN test_deviation_blocks_an_acupoint_and_damages_a_channel
FOCUS_END test_deviation_blocks_an_acupoint_and_damages_a_channel passed=58 failed=0
FOCUS_BEGIN test_every_realm_authors_all_three_consumables
FOCUS_END test_every_realm_authors_all_three_consumables passed=148 failed=0
FOCUS_BEGIN test_items_has_and_consume
FOCUS_END test_items_has_and_consume passed=152 failed=0
FOCUS_BEGIN test_recover_clears_a_blocked_acupoint
FOCUS_END test_recover_clears_a_blocked_acupoint passed=154 failed=0
FOCUS_BEGIN test_recover_is_a_noop_on_a_healthy_channel
FOCUS_END test_recover_is_a_noop_on_a_healthy_channel passed=156 failed=0
FOCUS_BEGIN test_recover_repairs_an_injured_channel
FOCUS_END test_recover_repairs_an_injured_channel passed=158 failed=0
FOCUS_BEGIN test_recover_requires_the_recovery_item
FOCUS_END test_recover_requires_the_recovery_item passed=160 failed=0
FOCUS_BEGIN test_strengthen_advances_channel_state
FOCUS_END test_strengthen_advances_channel_state passed=162 failed=0
FOCUS_BEGIN test_strengthen_rejects_unknown_channel
FOCUS_END test_strengthen_rejects_unknown_channel passed=163 failed=0
FOCUS_BEGIN test_strengthen_requires_the_elixir
FOCUS_END test_strengthen_requires_the_elixir passed=164 failed=0
FOCUS_BEGIN test_strengthen_walks_the_full_channel_ladder
FOCUS_END test_strengthen_walks_the_full_channel_ladder passed=170 failed=0
FOCUS: passed=170 failed=0
